// Jest Snapshot v1, https://goo.gl/fbAQLP

exports[`GraphPage with Mock API render fallback message on graph load error 1`] = `
<div>
  <div
    style="position: fixed; z-index: 9999; top: 16px; left: 16px; right: 16px; bottom: 16px; pointer-events: none;"
  />
  <div
    class="ant-layout ant-layout-has-sider css-dev-only-do-not-override-98ntnt"
    style="min-height: 100vh;"
  >
    <aside
      class="ant-layout-sider ant-layout-sider-light  border-r"
      style="flex: 0 0 170px; max-width: 170px; min-width: 170px; width: 170px;"
    >
      <div
        class="ant-layout-sider-children"
      >
        <div
          class="logoContainer ant-flex css-dev-only-do-not-override-98ntnt ant-flex-align-center ant-flex-justify-center"
          style="gap: 8px;"
        >
          <img
            alt="Litegraph logo"
            data-nimg="1"
            decoding="async"
            height="30"
            loading="lazy"
            src="/_next/image?url=%2Ffavicon.png&w=64&q=75"
            srcset="/_next/image?url=%2Ffavicon.png&w=32&q=75 1x, /_next/image?url=%2Ffavicon.png&w=64&q=75 2x"
            style="color: transparent;"
            width="30"
          />
          <h4
            class="ant-typography headingCommonStyles mt-2 css-dev-only-do-not-override-98ntnt"
            style="font-weight: 600;"
          >
            LiteGraph
          </h4>
        </div>
        <div
          class="px-2 ant-flex css-dev-only-do-not-override-98ntnt ant-flex-justify-flex-end"
        >
          <button
            class="ant-btn css-dev-only-do-not-override-98ntnt ant-btn-text ant-btn-icon-only"
            style="font-size: 16px; right: 8%;"
            type="button"
          >
            <span
              class="ant-btn-icon"
            >
              <span
                aria-label="double-left"
                class="anticon anticon-double-left"
                role="img"
              >
                <svg
                  aria-hidden="true"
                  data-icon="double-left"
                  fill="currentColor"
                  focusable="false"
                  height="1em"
                  viewBox="64 64 896 896"
                  width="1em"
                >
                  <path
                    d="M272.9 512l265.4-339.1c4.1-5.2.4-12.9-6.3-12.9h-77.3c-4.9 0-9.6 2.3-12.6 6.1L186.8 492.3a31.99 31.99 0 000 39.5l255.3 326.1c3 3.9 7.7 6.1 12.6 6.1H532c6.7 0 10.4-7.7 6.3-12.9L272.9 512zm304 0l265.4-339.1c4.1-5.2.4-12.9-6.3-12.9h-77.3c-4.9 0-9.6 2.3-12.6 6.1L490.8 492.3a31.99 31.99 0 000 39.5l255.3 326.1c3 3.9 7.7 6.1 12.6 6.1H836c6.7 0 10.4-7.7 6.3-12.9L576.9 512z"
                  />
                </svg>
              </span>
            </span>
          </button>
        </div>
        <ul
          class="ant-menu ant-menu-root ant-menu-inline ant-menu-light css-dev-only-do-not-override-98ntnt"
          data-menu-list="true"
          role="menu"
          tabindex="0"
        >
          <li
            class="ant-menu-item"
            data-menu-id="rc-menu-uuid-test-/"
            role="menuitem"
            style="padding-left: 24px;"
            tabindex="-1"
          >
            <span
              aria-label="home"
              class="anticon anticon-home ant-menu-item-icon"
              role="img"
            >
              <svg
                aria-hidden="true"
                data-icon="home"
                fill="currentColor"
                focusable="false"
                height="1em"
                viewBox="64 64 896 896"
                width="1em"
              >
                <path
                  d="M946.5 505L560.1 118.8l-25.9-25.9a31.5 31.5 0 00-44.4 0L77.5 505a63.9 63.9 0 00-18.8 46c.4 35.2 29.7 63.3 64.9 63.3h42.5V940h691.8V614.3h43.4c17.1 0 33.2-6.7 45.3-18.8a63.6 63.6 0 0018.7-45.3c0-17-6.7-33.1-18.8-45.2zM568 868H456V664h112v204zm217.9-325.7V868H632V640c0-22.1-17.9-40-40-40H432c-22.1 0-40 17.9-40 40v228H238.1V542.3h-96l370-369.7 23.1 23.1L882 542.3h-96.1z"
                />
              </svg>
            </span>
            <span
              class="ant-menu-title-content"
            >
              <a
                href="/admin/dashboard"
              >
                <span>
                  Tenant
                </span>
              </a>
            </span>
          </li>
          <li
            class="ant-menu-item"
            data-menu-id="rc-menu-uuid-test-/users"
            role="menuitem"
            style="padding-left: 24px;"
            tabindex="-1"
          >
            <span
              aria-label="team"
              class="anticon anticon-team ant-menu-item-icon"
              role="img"
            >
              <svg
                aria-hidden="true"
                data-icon="team"
                fill="currentColor"
                focusable="false"
                height="1em"
                viewBox="64 64 896 896"
                width="1em"
              >
                <path
                  d="M824.2 699.9a301.55 301.55 0 00-86.4-60.4C783.1 602.8 812 546.8 812 484c0-110.8-92.4-201.7-203.2-200-109.1 1.7-197 90.6-197 200 0 62.8 29 118.8 74.2 155.5a300.95 300.95 0 00-86.4 60.4C345 754.6 314 826.8 312 903.8a8 8 0 008 8.2h56c4.3 0 7.9-3.4 8-7.7 1.9-58 25.4-112.3 66.7-153.5A226.62 226.62 0 01612 684c60.9 0 118.2 23.7 161.3 66.8C814.5 792 838 846.3 840 904.3c.1 4.3 3.7 7.7 8 7.7h56a8 8 0 008-8.2c-2-77-33-149.2-87.8-203.9zM612 612c-34.2 0-66.4-13.3-90.5-37.5a126.86 126.86 0 01-37.5-91.8c.3-32.8 13.4-64.5 36.3-88 24-24.6 56.1-38.3 90.4-38.7 33.9-.3 66.8 12.9 91 36.6 24.8 24.3 38.4 56.8 38.4 91.4 0 34.2-13.3 66.3-37.5 90.5A127.3 127.3 0 01612 612zM361.5 510.4c-.9-8.7-1.4-17.5-1.4-26.4 0-15.9 1.5-31.4 4.3-46.5.7-3.6-1.2-7.3-4.5-8.8-13.6-6.1-26.1-14.5-36.9-25.1a127.54 127.54 0 01-38.7-95.4c.9-32.1 13.8-62.6 36.3-85.6 24.7-25.3 57.9-39.1 93.2-38.7 31.9.3 62.7 12.6 86 34.4 7.9 7.4 14.7 15.6 20.4 24.4 2 3.1 5.9 4.4 9.3 3.2 17.6-6.1 36.2-10.4 55.3-12.4 5.6-.6 8.8-6.6 6.3-11.6-32.5-64.3-98.9-108.7-175.7-109.9-110.9-1.7-203.3 89.2-203.3 199.9 0 62.8 28.9 118.8 74.2 155.5-31.8 14.7-61.1 35-86.5 60.4-54.8 54.7-85.8 126.9-87.8 204a8 8 0 008 8.2h56.1c4.3 0 7.9-3.4 8-7.7 1.9-58 25.4-112.3 66.7-153.5 29.4-29.4 65.4-49.8 104.7-59.7 3.9-1 6.5-4.7 6-8.7z"
                />
              </svg>
            </span>
            <span
              class="ant-menu-title-content"
            >
              <a
                href="/admin/dashboard/users"
              >
                <span>
                  Users
                </span>
              </a>
            </span>
          </li>
          <li
            class="ant-menu-item"
            data-menu-id="rc-menu-uuid-test-/credentials"
            role="menuitem"
            style="padding-left: 24px;"
            tabindex="-1"
          >
            <span
              aria-label="key"
              class="anticon anticon-key ant-menu-item-icon"
              role="img"
            >
              <svg
                aria-hidden="true"
                data-icon="key"
                fill="currentColor"
                focusable="false"
                height="1em"
                viewBox="64 64 896 896"
                width="1em"
              >
                <path
                  d="M608 112c-167.9 0-304 136.1-304 304 0 70.3 23.9 135 63.9 186.5l-41.1 41.1-62.3-62.3a8.15 8.15 0 00-11.4 0l-39.8 39.8a8.15 8.15 0 000 11.4l62.3 62.3-44.9 44.9-62.3-62.3a8.15 8.15 0 00-11.4 0l-39.8 39.8a8.15 8.15 0 000 11.4l62.3 62.3-65.3 65.3a8.03 8.03 0 000 11.3l42.3 42.3c3.1 3.1 8.2 3.1 11.3 0l253.6-253.6A304.06 304.06 0 00608 720c167.9 0 304-136.1 304-304S775.9 112 608 112zm161.2 465.2C726.2 620.3 668.9 644 608 644c-60.9 0-118.2-23.7-161.2-66.8-43.1-43-66.8-100.3-66.8-161.2 0-60.9 23.7-118.2 66.8-161.2 43-43.1 100.3-66.8 161.2-66.8 60.9 0 118.2 23.7 161.2 66.8 43.1 43 66.8 100.3 66.8 161.2 0 60.9-23.7 118.2-66.8 161.2z"
                />
              </svg>
            </span>
            <span
              class="ant-menu-title-content"
            >
              <a
                href="/admin/dashboard/credentials"
              >
                <span>
                  Credentials
                </span>
              </a>
            </span>
          </li>
        </ul>
        <div
          aria-hidden="true"
          style="display: none;"
        />
      </div>
    </aside>
    <div
      class="ant-layout css-dev-only-do-not-override-98ntnt"
    >
      <header
        class="ant-layout-header header css-dev-only-do-not-override-98ntnt"
      >
        <div
          class="ant-flex css-dev-only-do-not-override-98ntnt ant-flex-align-stretch ant-flex-justify-center ant-flex-vertical"
        />
        <div
          class="userSection"
        >
          <span
            class="ant-typography userName css-dev-only-do-not-override-98ntnt"
            style="font-weight: 100;"
          >
            <strong>
              undefined undefined
            </strong>
          </span>
          <div
            class="logoutLink"
            role="button"
            tabindex="0"
          >
            <span
              aria-label="logout"
              class="anticon anticon-logout logoutIcon"
              role="img"
            >
              <svg
                aria-hidden="true"
                data-icon="logout"
                fill="currentColor"
                focusable="false"
                height="1em"
                viewBox="64 64 896 896"
                width="1em"
              >
                <path
                  d="M868 732h-70.3c-4.8 0-9.3 2.1-12.3 5.8-7 8.5-14.5 16.7-22.4 24.5a353.84 353.84 0 01-112.7 75.9A352.8 352.8 0 01512.4 866c-47.9 0-94.3-9.4-137.9-27.8a353.84 353.84 0 01-112.7-75.9 353.28 353.28 0 01-76-112.5C167.3 606.2 158 559.9 158 512s9.4-94.2 27.8-137.8c17.8-42.1 43.4-80 76-112.5s70.5-58.1 112.7-75.9c43.6-18.4 90-27.8 137.9-27.8 47.9 0 94.3 9.3 137.9 27.8 42.2 17.8 80.1 43.4 112.7 75.9 7.9 7.9 15.3 16.1 22.4 24.5 3 3.7 7.6 5.8 12.3 5.8H868c6.3 0 10.2-7 6.7-12.3C798 160.5 663.8 81.6 511.3 82 271.7 82.6 79.6 277.1 82 516.4 84.4 751.9 276.2 942 512.4 942c152.1 0 285.7-78.8 362.3-197.7 3.4-5.3-.4-12.3-6.7-12.3zm88.9-226.3L815 393.7c-5.3-4.2-13-.4-13 6.3v76H488c-4.4 0-8 3.6-8 8v56c0 4.4 3.6 8 8 8h314v76c0 6.7 7.8 10.5 13 6.3l141.9-112a8 8 0 000-12.6z"
                />
              </svg>
            </span>
            <span>
              Logout
            </span>
          </div>
        </div>
      </header>
      <main
        class="ant-layout-content css-dev-only-do-not-override-98ntnt"
        style="min-height: 280px; background: rgb(255, 255, 255);"
      >
        <main
          class="ant-layout-content pageContainer css-dev-only-do-not-override-98ntnt"
          id="graphs"
        >
          <div
            class="pageTitleContainer ant-flex css-dev-only-do-not-override-98ntnt ant-flex-wrap-wrap ant-flex-align-center ant-flex-justify-space-between ant-flex-gap-small"
          >
            <span
              class="ant-typography css-dev-only-do-not-override-98ntnt"
              data-testid="heading"
              style="font-weight: 600; font-size: 16px;"
            >
              Graphs
            </span>
            <button
              class="ant-btn css-dev-only-do-not-override-98ntnt ant-btn-link"
              style="font-weight: 500;"
              type="button"
            >
              <span
                class="ant-btn-icon"
              >
                <span
                  aria-label="plus-square"
                  class="anticon anticon-plus-square"
                  role="img"
                >
                  <svg
                    aria-hidden="true"
                    data-icon="plus-square"
                    fill="currentColor"
                    focusable="false"
                    height="1em"
                    viewBox="64 64 896 896"
                    width="1em"
                  >
                    <path
                      d="M328 544h152v152c0 4.4 3.6 8 8 8h48c4.4 0 8-3.6 8-8V544h152c4.4 0 8-3.6 8-8v-48c0-4.4-3.6-8-8-8H544V328c0-4.4-3.6-8-8-8h-48c-4.4 0-8 3.6-8 8v152H328c-4.4 0-8 3.6-8 8v48c0 4.4 3.6 8 8 8z"
                    />
                    <path
                      d="M880 112H144c-17.7 0-32 14.3-32 32v736c0 17.7 14.3 32 32 32h736c17.7 0 32-14.3 32-32V144c0-17.7-14.3-32-32-32zm-40 728H184V184h656v656z"
                    />
                  </svg>
                </span>
              </span>
              <span>
                Create Graph
              </span>
            </button>
          </div>
          <div
            class="pageContent"
          >
            <div
              class="ant-table-wrapper css-dev-only-do-not-override-98ntnt"
            >
              <div
                class="ant-spin-nested-loading css-dev-only-do-not-override-98ntnt"
              >
                <div
                  class="ant-spin-container"
                >
                  <div
                    class="ant-table ant-table-empty css-dev-only-do-not-override-98ntnt"
                  >
                    <div
                      class="ant-table-container"
                    >
                      <div
                        class="ant-table-content"
                      >
                        <table
                          style="table-layout: auto;"
                        >
                          <colgroup />
                          <thead
                            class="ant-table-thead"
                          >
                            <tr>
                              <th
                                class="ant-table-cell"
                              />
                            </tr>
                          </thead>
                          <tbody
                            class="ant-table-tbody"
                          >
                            <tr
                              class="ant-table-placeholder"
                            >
                              <td
                                class="ant-table-cell"
                              >
                                <div
                                  class="css-dev-only-do-not-override-98ntnt ant-empty ant-empty-normal"
                                >
                                  <div
                                    class="ant-empty-image"
                                  >
                                    <svg
                                      height="41"
                                      viewBox="0 0 64 41"
                                      width="64"
                                      xmlns="http://www.w3.org/2000/svg"
                                    >
                                      <title>
                                        Simple Empty
                                      </title>
                                      <g
                                        fill="none"
                                        fill-rule="evenodd"
                                        transform="translate(0 1)"
                                      >
                                        <ellipse
                                          cx="32"
                                          cy="33"
                                          fill="#f5f5f5"
                                          rx="32"
                                          ry="7"
                                        />
                                        <g
                                          fill-rule="nonzero"
                                          stroke="#d9d9d9"
                                        >
                                          <path
                                            d="M55 12.76L44.854 1.258C44.367.474 43.656 0 42.907 0H21.093c-.749 0-1.46.474-1.947 1.257L9 12.761V22h46v-9.24z"
                                          />
                                          <path
                                            d="M41.613 15.931c0-1.605.994-2.93 2.227-2.931H55v18.137C55 33.26 53.68 35 52.05 35h-40.1C10.32 35 9 33.259 9 31.137V13h11.16c1.233 0 2.227 1.323 2.227 2.928v.022c0 1.605 1.005 2.901 2.237 2.901h14.752c1.232 0 2.237-1.308 2.237-2.913v-.007z"
                                            fill="#fafafa"
                                          />
                                        </g>
                                      </g>
                                    </svg>
                                  </div>
                                  <div
                                    class="ant-empty-description"
                                  >
                                    No data
                                  </div>
                                </div>
                              </td>
                            </tr>
                          </tbody>
                        </table>
                      </div>
                    </div>
                  </div>
                </div>
              </div>
            </div>
          </div>
        </main>
      </main>
    </div>
  </div>
</div>
`;

exports[`GraphPage with Mock API renders the graph page title 1`] = `
<div>
  <div
    style="position: fixed; z-index: 9999; top: 16px; left: 16px; right: 16px; bottom: 16px; pointer-events: none;"
  />
  <div
    class="ant-layout ant-layout-has-sider css-dev-only-do-not-override-98ntnt"
    style="min-height: 100vh;"
  >
    <aside
      class="ant-layout-sider ant-layout-sider-light  border-r"
      style="flex: 0 0 170px; max-width: 170px; min-width: 170px; width: 170px;"
    >
      <div
        class="ant-layout-sider-children"
      >
        <div
          class="logoContainer ant-flex css-dev-only-do-not-override-98ntnt ant-flex-align-center ant-flex-justify-center"
          style="gap: 8px;"
        >
          <img
            alt="Litegraph logo"
            data-nimg="1"
            decoding="async"
            height="30"
            loading="lazy"
            src="/_next/image?url=%2Ffavicon.png&w=64&q=75"
            srcset="/_next/image?url=%2Ffavicon.png&w=32&q=75 1x, /_next/image?url=%2Ffavicon.png&w=64&q=75 2x"
            style="color: transparent;"
            width="30"
          />
          <h4
            class="ant-typography headingCommonStyles mt-2 css-dev-only-do-not-override-98ntnt"
            style="font-weight: 600;"
          >
            LiteGraph
          </h4>
        </div>
        <div
          class="px-2 ant-flex css-dev-only-do-not-override-98ntnt ant-flex-justify-flex-end"
        >
          <button
            class="ant-btn css-dev-only-do-not-override-98ntnt ant-btn-text ant-btn-icon-only"
            style="font-size: 16px; right: 8%;"
            type="button"
          >
            <span
              class="ant-btn-icon"
            >
              <span
                aria-label="double-left"
                class="anticon anticon-double-left"
                role="img"
              >
                <svg
                  aria-hidden="true"
                  data-icon="double-left"
                  fill="currentColor"
                  focusable="false"
                  height="1em"
                  viewBox="64 64 896 896"
                  width="1em"
                >
                  <path
                    d="M272.9 512l265.4-339.1c4.1-5.2.4-12.9-6.3-12.9h-77.3c-4.9 0-9.6 2.3-12.6 6.1L186.8 492.3a31.99 31.99 0 000 39.5l255.3 326.1c3 3.9 7.7 6.1 12.6 6.1H532c6.7 0 10.4-7.7 6.3-12.9L272.9 512zm304 0l265.4-339.1c4.1-5.2.4-12.9-6.3-12.9h-77.3c-4.9 0-9.6 2.3-12.6 6.1L490.8 492.3a31.99 31.99 0 000 39.5l255.3 326.1c3 3.9 7.7 6.1 12.6 6.1H836c6.7 0 10.4-7.7 6.3-12.9L576.9 512z"
                  />
                </svg>
              </span>
            </span>
          </button>
        </div>
        <ul
          class="ant-menu ant-menu-root ant-menu-inline ant-menu-light css-dev-only-do-not-override-98ntnt"
          data-menu-list="true"
          role="menu"
          tabindex="0"
        >
          <li
            class="ant-menu-item"
            data-menu-id="rc-menu-uuid-test-/"
            role="menuitem"
            style="padding-left: 24px;"
            tabindex="-1"
          >
            <span
              aria-label="home"
              class="anticon anticon-home ant-menu-item-icon"
              role="img"
            >
              <svg
                aria-hidden="true"
                data-icon="home"
                fill="currentColor"
                focusable="false"
                height="1em"
                viewBox="64 64 896 896"
                width="1em"
              >
                <path
                  d="M946.5 505L560.1 118.8l-25.9-25.9a31.5 31.5 0 00-44.4 0L77.5 505a63.9 63.9 0 00-18.8 46c.4 35.2 29.7 63.3 64.9 63.3h42.5V940h691.8V614.3h43.4c17.1 0 33.2-6.7 45.3-18.8a63.6 63.6 0 0018.7-45.3c0-17-6.7-33.1-18.8-45.2zM568 868H456V664h112v204zm217.9-325.7V868H632V640c0-22.1-17.9-40-40-40H432c-22.1 0-40 17.9-40 40v228H238.1V542.3h-96l370-369.7 23.1 23.1L882 542.3h-96.1z"
                />
              </svg>
            </span>
            <span
              class="ant-menu-title-content"
            >
              <a
                href="/admin/dashboard"
              >
                <span>
                  Tenant
                </span>
              </a>
            </span>
          </li>
          <li
            class="ant-menu-item"
            data-menu-id="rc-menu-uuid-test-/users"
            role="menuitem"
            style="padding-left: 24px;"
            tabindex="-1"
          >
            <span
              aria-label="team"
              class="anticon anticon-team ant-menu-item-icon"
              role="img"
            >
              <svg
                aria-hidden="true"
                data-icon="team"
                fill="currentColor"
                focusable="false"
                height="1em"
                viewBox="64 64 896 896"
                width="1em"
              >
                <path
                  d="M824.2 699.9a301.55 301.55 0 00-86.4-60.4C783.1 602.8 812 546.8 812 484c0-110.8-92.4-201.7-203.2-200-109.1 1.7-197 90.6-197 200 0 62.8 29 118.8 74.2 155.5a300.95 300.95 0 00-86.4 60.4C345 754.6 314 826.8 312 903.8a8 8 0 008 8.2h56c4.3 0 7.9-3.4 8-7.7 1.9-58 25.4-112.3 66.7-153.5A226.62 226.62 0 01612 684c60.9 0 118.2 23.7 161.3 66.8C814.5 792 838 846.3 840 904.3c.1 4.3 3.7 7.7 8 7.7h56a8 8 0 008-8.2c-2-77-33-149.2-87.8-203.9zM612 612c-34.2 0-66.4-13.3-90.5-37.5a126.86 126.86 0 01-37.5-91.8c.3-32.8 13.4-64.5 36.3-88 24-24.6 56.1-38.3 90.4-38.7 33.9-.3 66.8 12.9 91 36.6 24.8 24.3 38.4 56.8 38.4 91.4 0 34.2-13.3 66.3-37.5 90.5A127.3 127.3 0 01612 612zM361.5 510.4c-.9-8.7-1.4-17.5-1.4-26.4 0-15.9 1.5-31.4 4.3-46.5.7-3.6-1.2-7.3-4.5-8.8-13.6-6.1-26.1-14.5-36.9-25.1a127.54 127.54 0 01-38.7-95.4c.9-32.1 13.8-62.6 36.3-85.6 24.7-25.3 57.9-39.1 93.2-38.7 31.9.3 62.7 12.6 86 34.4 7.9 7.4 14.7 15.6 20.4 24.4 2 3.1 5.9 4.4 9.3 3.2 17.6-6.1 36.2-10.4 55.3-12.4 5.6-.6 8.8-6.6 6.3-11.6-32.5-64.3-98.9-108.7-175.7-109.9-110.9-1.7-203.3 89.2-203.3 199.9 0 62.8 28.9 118.8 74.2 155.5-31.8 14.7-61.1 35-86.5 60.4-54.8 54.7-85.8 126.9-87.8 204a8 8 0 008 8.2h56.1c4.3 0 7.9-3.4 8-7.7 1.9-58 25.4-112.3 66.7-153.5 29.4-29.4 65.4-49.8 104.7-59.7 3.9-1 6.5-4.7 6-8.7z"
                />
              </svg>
            </span>
            <span
              class="ant-menu-title-content"
            >
              <a
                href="/admin/dashboard/users"
              >
                <span>
                  Users
                </span>
              </a>
            </span>
          </li>
          <li
            class="ant-menu-item"
            data-menu-id="rc-menu-uuid-test-/credentials"
            role="menuitem"
            style="padding-left: 24px;"
            tabindex="-1"
          >
            <span
              aria-label="key"
              class="anticon anticon-key ant-menu-item-icon"
              role="img"
            >
              <svg
                aria-hidden="true"
                data-icon="key"
                fill="currentColor"
                focusable="false"
                height="1em"
                viewBox="64 64 896 896"
                width="1em"
              >
                <path
                  d="M608 112c-167.9 0-304 136.1-304 304 0 70.3 23.9 135 63.9 186.5l-41.1 41.1-62.3-62.3a8.15 8.15 0 00-11.4 0l-39.8 39.8a8.15 8.15 0 000 11.4l62.3 62.3-44.9 44.9-62.3-62.3a8.15 8.15 0 00-11.4 0l-39.8 39.8a8.15 8.15 0 000 11.4l62.3 62.3-65.3 65.3a8.03 8.03 0 000 11.3l42.3 42.3c3.1 3.1 8.2 3.1 11.3 0l253.6-253.6A304.06 304.06 0 00608 720c167.9 0 304-136.1 304-304S775.9 112 608 112zm161.2 465.2C726.2 620.3 668.9 644 608 644c-60.9 0-118.2-23.7-161.2-66.8-43.1-43-66.8-100.3-66.8-161.2 0-60.9 23.7-118.2 66.8-161.2 43-43.1 100.3-66.8 161.2-66.8 60.9 0 118.2 23.7 161.2 66.8 43.1 43 66.8 100.3 66.8 161.2 0 60.9-23.7 118.2-66.8 161.2z"
                />
              </svg>
            </span>
            <span
              class="ant-menu-title-content"
            >
              <a
                href="/admin/dashboard/credentials"
              >
                <span>
                  Credentials
                </span>
              </a>
            </span>
          </li>
        </ul>
        <div
          aria-hidden="true"
          style="display: none;"
        />
      </div>
    </aside>
    <div
      class="ant-layout css-dev-only-do-not-override-98ntnt"
    >
      <header
        class="ant-layout-header header css-dev-only-do-not-override-98ntnt"
      >
        <div
          class="ant-flex css-dev-only-do-not-override-98ntnt ant-flex-align-stretch ant-flex-justify-center ant-flex-vertical"
        />
        <div
          class="userSection"
        >
          <span
            class="ant-typography userName css-dev-only-do-not-override-98ntnt"
            style="font-weight: 100;"
          >
            <strong>
              undefined undefined
            </strong>
          </span>
          <div
            class="logoutLink"
            role="button"
            tabindex="0"
          >
            <span
              aria-label="logout"
              class="anticon anticon-logout logoutIcon"
              role="img"
            >
              <svg
                aria-hidden="true"
                data-icon="logout"
                fill="currentColor"
                focusable="false"
                height="1em"
                viewBox="64 64 896 896"
                width="1em"
              >
                <path
                  d="M868 732h-70.3c-4.8 0-9.3 2.1-12.3 5.8-7 8.5-14.5 16.7-22.4 24.5a353.84 353.84 0 01-112.7 75.9A352.8 352.8 0 01512.4 866c-47.9 0-94.3-9.4-137.9-27.8a353.84 353.84 0 01-112.7-75.9 353.28 353.28 0 01-76-112.5C167.3 606.2 158 559.9 158 512s9.4-94.2 27.8-137.8c17.8-42.1 43.4-80 76-112.5s70.5-58.1 112.7-75.9c43.6-18.4 90-27.8 137.9-27.8 47.9 0 94.3 9.3 137.9 27.8 42.2 17.8 80.1 43.4 112.7 75.9 7.9 7.9 15.3 16.1 22.4 24.5 3 3.7 7.6 5.8 12.3 5.8H868c6.3 0 10.2-7 6.7-12.3C798 160.5 663.8 81.6 511.3 82 271.7 82.6 79.6 277.1 82 516.4 84.4 751.9 276.2 942 512.4 942c152.1 0 285.7-78.8 362.3-197.7 3.4-5.3-.4-12.3-6.7-12.3zm88.9-226.3L815 393.7c-5.3-4.2-13-.4-13 6.3v76H488c-4.4 0-8 3.6-8 8v56c0 4.4 3.6 8 8 8h314v76c0 6.7 7.8 10.5 13 6.3l141.9-112a8 8 0 000-12.6z"
                />
              </svg>
            </span>
            <span>
              Logout
            </span>
          </div>
        </div>
      </header>
      <main
        class="ant-layout-content css-dev-only-do-not-override-98ntnt"
        style="min-height: 280px; background: rgb(255, 255, 255);"
      >
        <main
          class="ant-layout-content pageContainer css-dev-only-do-not-override-98ntnt"
          id="graphs"
        >
          <div
            class="pageTitleContainer ant-flex css-dev-only-do-not-override-98ntnt ant-flex-wrap-wrap ant-flex-align-center ant-flex-justify-space-between ant-flex-gap-small"
          >
            <span
              class="ant-typography css-dev-only-do-not-override-98ntnt"
              data-testid="heading"
              style="font-weight: 600; font-size: 16px;"
            >
              Graphs
            </span>
            <button
              class="ant-btn css-dev-only-do-not-override-98ntnt ant-btn-link"
              style="font-weight: 500;"
              type="button"
            >
              <span
                class="ant-btn-icon"
              >
                <span
                  aria-label="plus-square"
                  class="anticon anticon-plus-square"
                  role="img"
                >
                  <svg
                    aria-hidden="true"
                    data-icon="plus-square"
                    fill="currentColor"
                    focusable="false"
                    height="1em"
                    viewBox="64 64 896 896"
                    width="1em"
                  >
                    <path
                      d="M328 544h152v152c0 4.4 3.6 8 8 8h48c4.4 0 8-3.6 8-8V544h152c4.4 0 8-3.6 8-8v-48c0-4.4-3.6-8-8-8H544V328c0-4.4-3.6-8-8-8h-48c-4.4 0-8 3.6-8 8v152H328c-4.4 0-8 3.6-8 8v48c0 4.4 3.6 8 8 8z"
                    />
                    <path
                      d="M880 112H144c-17.7 0-32 14.3-32 32v736c0 17.7 14.3 32 32 32h736c17.7 0 32-14.3 32-32V144c0-17.7-14.3-32-32-32zm-40 728H184V184h656v656z"
                    />
                  </svg>
                </span>
              </span>
              <span>
                Create Graph
              </span>
            </button>
          </div>
          <div
            class="pageContent"
          >
            <div
              class="ant-table-wrapper css-dev-only-do-not-override-98ntnt"
            >
              <div
                class="ant-spin-nested-loading css-dev-only-do-not-override-98ntnt"
              >
                <div
                  class="ant-spin-container"
                >
                  <div
                    class="ant-table ant-table-empty css-dev-only-do-not-override-98ntnt"
                  >
                    <div
                      class="ant-table-container"
                    >
                      <div
                        class="ant-table-content"
                      >
                        <table
                          style="table-layout: auto;"
                        >
                          <colgroup />
                          <thead
                            class="ant-table-thead"
                          >
                            <tr>
                              <th
                                class="ant-table-cell"
                              />
                            </tr>
                          </thead>
                          <tbody
                            class="ant-table-tbody"
                          >
                            <tr
                              class="ant-table-placeholder"
                            >
                              <td
                                class="ant-table-cell"
                              >
                                <div
                                  class="css-dev-only-do-not-override-98ntnt ant-empty ant-empty-normal"
                                >
                                  <div
                                    class="ant-empty-image"
                                  >
                                    <svg
                                      height="41"
                                      viewBox="0 0 64 41"
                                      width="64"
                                      xmlns="http://www.w3.org/2000/svg"
                                    >
                                      <title>
                                        Simple Empty
                                      </title>
                                      <g
                                        fill="none"
                                        fill-rule="evenodd"
                                        transform="translate(0 1)"
                                      >
                                        <ellipse
                                          cx="32"
                                          cy="33"
                                          fill="#f5f5f5"
                                          rx="32"
                                          ry="7"
                                        />
                                        <g
                                          fill-rule="nonzero"
                                          stroke="#d9d9d9"
                                        >
                                          <path
                                            d="M55 12.76L44.854 1.258C44.367.474 43.656 0 42.907 0H21.093c-.749 0-1.46.474-1.947 1.257L9 12.761V22h46v-9.24z"
                                          />
                                          <path
                                            d="M41.613 15.931c0-1.605.994-2.93 2.227-2.931H55v18.137C55 33.26 53.68 35 52.05 35h-40.1C10.32 35 9 33.259 9 31.137V13h11.16c1.233 0 2.227 1.323 2.227 2.928v.022c0 1.605 1.005 2.901 2.237 2.901h14.752c1.232 0 2.237-1.308 2.237-2.913v-.007z"
                                            fill="#fafafa"
                                          />
                                        </g>
                                      </g>
                                    </svg>
                                  </div>
                                  <div
                                    class="ant-empty-description"
                                  >
                                    No data
                                  </div>
                                </div>
                              </td>
                            </tr>
                          </tbody>
                        </table>
                      </div>
                    </div>
                  </div>
                </div>
              </div>
            </div>
          </div>
        </main>
      </main>
    </div>
  </div>
</div>
`;
