// Jest Snapshot v1, https://goo.gl/fbAQLP

exports[`GraphPage creates a new graph and calls API: after graph creation form submission 1`] = `
<div>
  <div
    style="position: fixed; z-index: 9999; top: 16px; left: 16px; right: 16px; bottom: 16px; pointer-events: none;"
  />
</div>
`;

exports[`GraphPage creates a new graph and calls API: create graph modal open 1`] = `
<div>
  <div
    style="position: fixed; z-index: 9999; top: 16px; left: 16px; right: 16px; bottom: 16px; pointer-events: none;"
  />
</div>
`;

exports[`GraphPage deletes a graph successfully: after graph deletion 1`] = `
<div>
  <div
    style="position: fixed; z-index: 9999; top: 16px; left: 16px; right: 16px; bottom: 16px; pointer-events: none;"
  >
    <div
      class="go4109123758"
      style="left: 0px; right: 0px; display: flex; position: absolute; transition: all 230ms cubic-bezier(.21,1.02,.73,1); transform: translateY(0px); top: 0px; justify-content: center;"
    >
      <div
        class="go2072408551"
        style="opacity: 0;"
      >
        <div
          class="go685806154"
        >
          <div
            class="go1858758034"
          />
          <div
            class="go1579819456"
          >
            <div
              class="go2344853693"
            />
          </div>
        </div>
        <div
          aria-live="polite"
          class="go3958317564"
          role="status"
        >
          Add Graph successfully
        </div>
      </div>
    </div>
  </div>
</div>
`;

exports[`GraphPage deletes a graph successfully: delete graph modal open 1`] = `
<div>
  <div
    style="position: fixed; z-index: 9999; top: 16px; left: 16px; right: 16px; bottom: 16px; pointer-events: none;"
  >
    <div
      class="go4109123758"
      style="left: 0px; right: 0px; display: flex; position: absolute; transition: all 230ms cubic-bezier(.21,1.02,.73,1); transform: translateY(0px); top: 0px; justify-content: center;"
    >
      <div
        class="go2072408551"
        style="opacity: 0;"
      >
        <div
          class="go685806154"
        >
          <div
            class="go1858758034"
          />
          <div
            class="go1579819456"
          >
            <div
              class="go2344853693"
            />
          </div>
        </div>
        <div
          aria-live="polite"
          class="go3958317564"
          role="status"
        >
          Add Graph successfully
        </div>
      </div>
    </div>
  </div>
</div>
`;

exports[`GraphPage edits an existing graph: after graph update 1`] = `
<div>
  <div
    style="position: fixed; z-index: 9999; top: 16px; left: 16px; right: 16px; bottom: 16px; pointer-events: none;"
  >
    <div
      class="go4109123758"
      style="left: 0px; right: 0px; display: flex; position: absolute; transition: all 230ms cubic-bezier(.21,1.02,.73,1); transform: translateY(0px); top: 0px; justify-content: center;"
    >
      <div
        class="go2072408551"
        style="opacity: 0;"
      >
        <div
          class="go685806154"
        >
          <div
            class="go1858758034"
          />
          <div
            class="go1579819456"
          >
            <div
              class="go2344853693"
            />
          </div>
        </div>
        <div
          aria-live="polite"
          class="go3958317564"
          role="status"
        >
          Add Graph successfully
        </div>
      </div>
    </div>
  </div>
</div>
`;

exports[`GraphPage renders the graph page with title and create button: graph page with create button 1`] = `
<div>
  <main
    class="ant-layout-content pageContainer css-dev-only-do-not-override-98ntnt"
    id="graphs"
  >
    <div
      class="pageTitleContainer ant-flex css-dev-only-do-not-override-98ntnt ant-flex-wrap-wrap ant-flex-align-center ant-flex-justify-space-between ant-flex-gap-small"
    >
      <span
        class="ant-typography css-dev-only-do-not-override-98ntnt"
        data-testid="heading"
        style="font-weight: 600; font-size: 16px;"
      >
        <div
          class="ant-flex css-dev-only-do-not-override-98ntnt ant-flex-align-center"
          style="gap: 10px;"
        >
          <span
            class="ant-typography css-dev-only-do-not-override-98ntnt"
          >
            Graphs
          </span>
          <span
            aria-label="search"
            class="anticon anticon-search cursor-pointer"
            role="img"
            tabindex="-1"
          >
            <svg
              aria-hidden="true"
              data-icon="search"
              fill="currentColor"
              focusable="false"
              height="1em"
              viewBox="64 64 896 896"
              width="1em"
            >
              <path
                d="M909.6 854.5L649.9 594.8C690.2 542.7 712 479 712 412c0-80.2-31.3-155.4-87.9-212.1-56.6-56.7-132-87.9-212.1-87.9s-155.5 31.3-212.1 87.9C143.2 256.5 112 331.8 112 412c0 80.1 31.3 155.5 87.9 212.1C256.5 680.8 331.8 712 412 712c67 0 130.6-21.8 182.7-62l259.7 259.6a8.2 8.2 0 0011.6 0l43.6-43.5a8.2 8.2 0 000-11.6zM570.4 570.4C528 612.7 471.8 636 412 636s-116-23.3-158.4-65.6C211.3 528 188 471.8 188 412s23.3-116.1 65.6-158.4C296 211.3 352.2 188 412 188s116.1 23.2 158.4 65.6S636 352.2 636 412s-23.3 116.1-65.6 158.4z"
              />
            </svg>
          </span>
        </div>
      </span>
      <button
        class="ant-btn css-dev-only-do-not-override-98ntnt ant-btn-link"
        style="font-weight: 500;"
        type="button"
      >
        <span
          class="ant-btn-icon"
        >
          <span
            aria-label="plus-square"
            class="anticon anticon-plus-square"
            role="img"
          >
            <svg
              aria-hidden="true"
              data-icon="plus-square"
              fill="currentColor"
              focusable="false"
              height="1em"
              viewBox="64 64 896 896"
              width="1em"
            >
              <path
                d="M328 544h152v152c0 4.4 3.6 8 8 8h48c4.4 0 8-3.6 8-8V544h152c4.4 0 8-3.6 8-8v-48c0-4.4-3.6-8-8-8H544V328c0-4.4-3.6-8-8-8h-48c-4.4 0-8 3.6-8 8v152H328c-4.4 0-8 3.6-8 8v48c0 4.4 3.6 8 8 8z"
              />
              <path
                d="M880 112H144c-17.7 0-32 14.3-32 32v736c0 17.7 14.3 32 32 32h736c17.7 0 32-14.3 32-32V144c0-17.7-14.3-32-32-32zm-40 728H184V184h656v656z"
              />
            </svg>
          </span>
        </span>
        <span>
          Create Graph
        </span>
      </button>
    </div>
    <div
      class="pageContent"
    >
      <div
        class="mb-sm ant-flex css-dev-only-do-not-override-98ntnt ant-flex-align-center ant-flex-justify-space-between"
        style="margin-top: -10px; gap: 20px;"
      />
      <div
        class="ant-table-wrapper css-dev-only-do-not-override-98ntnt"
      >
        <div
          class="ant-spin-nested-loading css-dev-only-do-not-override-98ntnt"
        >
          <div>
            <div
              aria-busy="true"
              aria-live="polite"
              class="ant-spin ant-spin-spinning css-dev-only-do-not-override-98ntnt"
            >
              <span
                class="ant-spin-dot-holder"
              >
                <span
                  class="ant-spin-dot ant-spin-dot-spin"
                >
                  <i
                    class="ant-spin-dot-item"
                  />
                  <i
                    class="ant-spin-dot-item"
                  />
                  <i
                    class="ant-spin-dot-item"
                  />
                  <i
                    class="ant-spin-dot-item"
                  />
                </span>
              </span>
            </div>
          </div>
          <div
            class="ant-spin-container ant-spin-blur"
          >
            <div
              class="ant-table ant-table-empty css-dev-only-do-not-override-98ntnt"
            >
              <div
                class="ant-table-container"
              >
                <div
                  class="ant-table-content"
                >
                  <table
                    style="table-layout: auto;"
                  >
                    <colgroup />
                    <thead
                      class="ant-table-thead"
                    >
                      <tr>
                        <th
                          class="ant-table-cell"
                        />
                      </tr>
                    </thead>
                    <tbody
                      class="ant-table-tbody"
                    >
                      <tr
                        class="ant-table-placeholder"
                      >
                        <td
                          class="ant-table-cell"
                        >
                          <div
                            class="css-dev-only-do-not-override-98ntnt ant-empty ant-empty-normal"
                          >
                            <div
                              class="ant-empty-image"
                            >
                              <svg
                                height="41"
                                viewBox="0 0 64 41"
                                width="64"
                                xmlns="http://www.w3.org/2000/svg"
                              >
                                <title>
                                  Simple Empty
                                </title>
                                <g
                                  fill="none"
                                  fill-rule="evenodd"
                                  transform="translate(0 1)"
                                >
                                  <ellipse
                                    cx="32"
                                    cy="33"
                                    fill="#f5f5f5"
                                    rx="32"
                                    ry="7"
                                  />
                                  <g
                                    fill-rule="nonzero"
                                    stroke="#d9d9d9"
                                  >
                                    <path
                                      d="M55 12.76L44.854 1.258C44.367.474 43.656 0 42.907 0H21.093c-.749 0-1.46.474-1.947 1.257L9 12.761V22h46v-9.24z"
                                    />
                                    <path
                                      d="M41.613 15.931c0-1.605.994-2.93 2.227-2.931H55v18.137C55 33.26 53.68 35 52.05 35h-40.1C10.32 35 9 33.259 9 31.137V13h11.16c1.233 0 2.227 1.323 2.227 2.928v.022c0 1.605 1.005 2.901 2.237 2.901h14.752c1.232 0 2.237-1.308 2.237-2.913v-.007z"
                                      fill="#fafafa"
                                    />
                                  </g>
                                </g>
                              </svg>
                            </div>
                            <div
                              class="ant-empty-description"
                            >
                              No data
                            </div>
                          </div>
                        </td>
                      </tr>
                    </tbody>
                  </table>
                </div>
              </div>
            </div>
          </div>
        </div>
      </div>
    </div>
  </main>
  <div
    style="position: fixed; z-index: 9999; top: 16px; left: 16px; right: 16px; bottom: 16px; pointer-events: none;"
  />
</div>
`;

exports[`GraphPage sorts graph list by name column: after name column sort 1`] = `
<div>
  <div
    class="ant-table-wrapper css-dev-only-do-not-override-98ntnt"
  >
    <div
      class="ant-spin-nested-loading css-dev-only-do-not-override-98ntnt"
    >
      <div
        class="ant-spin-container"
      >
        <div
          class="ant-table css-dev-only-do-not-override-98ntnt"
        >
          <div
            class="ant-table-container"
          >
            <div
              class="ant-table-content"
            >
              <table
                style="table-layout: auto;"
              >
                <colgroup />
                <thead
                  class="ant-table-thead"
                >
                  <tr>
                    <th
                      aria-sort="ascending"
                      class="ant-table-cell ant-table-column-sort ant-table-column-has-sorters"
                      scope="col"
                      tabindex="0"
                    >
                      <div
                        class="ant-table-column-sorters"
                      >
                        <span
                          class="ant-table-column-title"
                        >
                          Name
                        </span>
                        <span
                          class="ant-table-column-sorter ant-table-column-sorter-full"
                        >
                          <span
                            aria-hidden="true"
                            class="ant-table-column-sorter-inner"
                          >
                            <span
                              aria-label="caret-up"
                              class="anticon anticon-caret-up ant-table-column-sorter-up active"
                              role="img"
                            >
                              <svg
                                aria-hidden="true"
                                data-icon="caret-up"
                                fill="currentColor"
                                focusable="false"
                                height="1em"
                                viewBox="0 0 1024 1024"
                                width="1em"
                              >
                                <path
                                  d="M858.9 689L530.5 308.2c-9.4-10.9-27.5-10.9-37 0L165.1 689c-12.2 14.2-1.2 35 18.5 35h656.8c19.7 0 30.7-20.8 18.5-35z"
                                />
                              </svg>
                            </span>
                            <span
                              aria-label="caret-down"
                              class="anticon anticon-caret-down ant-table-column-sorter-down"
                              role="img"
                            >
                              <svg
                                aria-hidden="true"
                                data-icon="caret-down"
                                fill="currentColor"
                                focusable="false"
                                height="1em"
                                viewBox="0 0 1024 1024"
                                width="1em"
                              >
                                <path
                                  d="M840.4 300H183.6c-19.7 0-30.7 20.8-18.5 35l328.4 380.8c9.4 10.9 27.5 10.9 37 0L858.9 335c12.2-14.2 1.2-35-18.5-35z"
                                />
                              </svg>
                            </span>
                          </span>
                        </span>
                      </div>
                    </th>
                  </tr>
                </thead>
                <tbody
                  class="ant-table-tbody"
                >
                  <tr
                    class="ant-table-row ant-table-row-level-0"
                    data-row-key="d52aeab4-4de7-4076-98dd-461d4a61ac88"
                  >
                    <td
                      class="ant-table-cell ant-table-column-sort"
                    >
                      <div>
                        testttt 2
                      </div>
                    </td>
                  </tr>
                  <tr
                    class="ant-table-row ant-table-row-level-0"
                    data-row-key="e6d4294e-6f49-4d67-8260-5e44c2b077a6"
                  >
                    <td
                      class="ant-table-cell ant-table-column-sort"
                    >
                      <div>
                        Test Demo Graph
                      </div>
                    </td>
                  </tr>
                </tbody>
              </table>
            </div>
          </div>
        </div>
        <ul
          class="ant-pagination ant-table-pagination ant-table-pagination-right css-dev-only-do-not-override-98ntnt"
        >
          <li
            aria-disabled="true"
            class="ant-pagination-prev ant-pagination-disabled"
            title="Previous Page"
          >
            <button
              class="ant-pagination-item-link"
              disabled=""
              tabindex="-1"
              type="button"
            >
              <span
                aria-label="left"
                class="anticon anticon-left"
                role="img"
              >
                <svg
                  aria-hidden="true"
                  data-icon="left"
                  fill="currentColor"
                  focusable="false"
                  height="1em"
                  viewBox="64 64 896 896"
                  width="1em"
                >
                  <path
                    d="M724 218.3V141c0-6.7-7.7-10.4-12.9-6.3L260.3 486.8a31.86 31.86 0 000 50.3l450.8 352.1c5.3 4.1 12.9.4 12.9-6.3v-77.3c0-4.9-2.3-9.6-6.1-12.6l-360-281 360-281.1c3.8-3 6.1-7.7 6.1-12.6z"
                  />
                </svg>
              </span>
            </button>
          </li>
          <li
            class="ant-pagination-item ant-pagination-item-1 ant-pagination-item-active"
            tabindex="0"
            title="1"
          >
            <a
              rel="nofollow"
            >
              1
            </a>
          </li>
          <li
            aria-disabled="true"
            class="ant-pagination-next ant-pagination-disabled"
            title="Next Page"
          >
            <button
              class="ant-pagination-item-link"
              disabled=""
              tabindex="-1"
              type="button"
            >
              <span
                aria-label="right"
                class="anticon anticon-right"
                role="img"
              >
                <svg
                  aria-hidden="true"
                  data-icon="right"
                  fill="currentColor"
                  focusable="false"
                  height="1em"
                  viewBox="64 64 896 896"
                  width="1em"
                >
                  <path
                    d="M765.7 486.8L314.9 134.7A7.97 7.97 0 00302 141v77.3c0 4.9 2.3 9.6 6.1 12.6l360 281.1-360 281.1c-3.9 3-6.1 7.7-6.1 12.6V883c0 6.7 7.7 10.4 12.9 6.3l450.8-352.1a31.96 31.96 0 000-50.4z"
                  />
                </svg>
              </span>
            </button>
          </li>
        </ul>
      </div>
    </div>
  </div>
  <div
    style="position: fixed; z-index: 9999; top: 16px; left: 16px; right: 16px; bottom: 16px; pointer-events: none;"
  >
    <div
      class="go4109123758"
      style="left: 0px; right: 0px; display: flex; position: absolute; transition: all 230ms cubic-bezier(.21,1.02,.73,1); transform: translateY(0px); top: 0px; justify-content: center;"
    >
      <div
        class="go2072408551"
        style="opacity: 0;"
      >
        <div
          class="go685806154"
        >
          <div
            class="go1858758034"
          />
          <div
            class="go1579819456"
          >
            <div
              class="go2344853693"
            />
          </div>
        </div>
        <div
          aria-live="polite"
          class="go3958317564"
          role="status"
        >
          Add Graph successfully
        </div>
      </div>
    </div>
  </div>
</div>
`;
