// Jest Snapshot v1, https://goo.gl/fbAQLP

exports[`AdminLoginPage should render the AdminLoginPage with form fields: initial table state 1`] = `
<div>
  <div
    class="userLoginPage ant-flex css-dev-only-do-not-override-98ntnt ant-flex-align-stretch ant-flex-vertical"
    style="gap: 20px;"
  >
    <div
      class="userLoginPageHeader mb pb pt pr pl ant-flex css-dev-only-do-not-override-98ntnt ant-flex-align-center ant-flex-justify-space-between"
    >
      <img
        alt="Litegraph Logo"
        height="40"
        src="/favicon.png"
      />
      <div
        class="ant-flex css-dev-only-do-not-override-98ntnt ant-flex-align-center"
        style="gap: 10px;"
      >
        <svg
          color="black"
          fill="none"
          height="20"
          stroke="currentColor"
          stroke-linecap="round"
          stroke-linejoin="round"
          stroke-width="2"
          style="cursor: pointer; transform: rotate(90deg);"
          viewBox="0 0 24 24"
          width="20"
          xmlns="http://www.w3.org/2000/svg"
        >
          <mask
            id="circle-mask-1"
          >
            <rect
              fill="white"
              height="100%"
              width="100%"
              x="0"
              y="0"
            />
            <circle
              fill="black"
              r="9"
            />
          </mask>
          <circle
            cx="12"
            cy="12"
            fill="black"
            mask="url(#circle-mask-1)"
          />
          <g
            stroke="currentColor"
            style="opacity: 1;"
          >
            <line
              x1="12"
              x2="12"
              y1="1"
              y2="3"
            />
            <line
              x1="12"
              x2="12"
              y1="21"
              y2="23"
            />
            <line
              x1="4.22"
              x2="5.64"
              y1="4.22"
              y2="5.64"
            />
            <line
              x1="18.36"
              x2="19.78"
              y1="18.36"
              y2="19.78"
            />
            <line
              x1="1"
              x2="3"
              y1="12"
              y2="12"
            />
            <line
              x1="21"
              x2="23"
              y1="12"
              y2="12"
            />
            <line
              x1="4.22"
              x2="5.64"
              y1="19.78"
              y2="18.36"
            />
            <line
              x1="18.36"
              x2="19.78"
              y1="5.64"
              y2="4.22"
            />
          </g>
        </svg>
        <a
          href="/login"
        >
          <span
            class="ant-typography css-dev-only-do-not-override-98ntnt"
          >
            Login as User
          </span>
        </a>
      </div>
    </div>
    <div
      class="loginTitle"
    >
      <h1
        class="ant-typography headingCommonStyles css-dev-only-do-not-override-98ntnt"
        style="font-weight: 600; font-size: 22px;"
      >
        Admin Login
      </h1>
      <div
        class="ant-typography loginDescription css-dev-only-do-not-override-98ntnt"
      >
        Please enter your access key to login
      </div>
    </div>
    <div
      class="loginBox"
    >
      <form
        autocomplete="off"
        class="ant-form ant-form-vertical css-dev-only-do-not-override-98ntnt"
      >
        <div
          class="ant-form-item css-dev-only-do-not-override-98ntnt"
        >
          <div
            class="ant-row ant-form-item-row css-dev-only-do-not-override-98ntnt"
          >
            <div
              class="ant-col ant-form-item-label css-dev-only-do-not-override-98ntnt"
            >
              <label
                class="ant-form-item-required"
                for="url"
                title="LiteGraph Server URL"
              >
                LiteGraph Server URL
              </label>
            </div>
            <div
              class="ant-col ant-form-item-control css-dev-only-do-not-override-98ntnt"
            >
              <div
                class="ant-form-item-control-input"
              >
                <div
                  class="ant-form-item-control-input-content"
                >
                  <input
                    aria-required="true"
                    class="ant-input css-dev-only-do-not-override-98ntnt ant-input-outlined"
                    id="url"
                    placeholder="https://your-litegraph-server.com"
                    type="text"
                    value=""
                  />
                </div>
              </div>
            </div>
          </div>
        </div>
        <div
          class="ant-form-item css-dev-only-do-not-override-98ntnt"
        >
          <div
            class="ant-row ant-form-item-row css-dev-only-do-not-override-98ntnt"
          >
            <div
              class="ant-col ant-form-item-label css-dev-only-do-not-override-98ntnt"
            >
              <label
                class="ant-form-item-required"
                for="accessKey"
                title="Access Key"
              >
                Access Key
              </label>
            </div>
            <div
              class="ant-col ant-form-item-control css-dev-only-do-not-override-98ntnt"
            >
              <div
                class="ant-form-item-control-input"
              >
                <div
                  class="ant-form-item-control-input-content"
                >
                  <span
                    class="ant-input-affix-wrapper ant-input-disabled ant-input-affix-wrapper-disabled css-dev-only-do-not-override-98ntnt ant-input-outlined ant-input-password"
                  >
                    <input
                      aria-required="true"
                      class="ant-input ant-input-disabled css-dev-only-do-not-override-98ntnt"
                      disabled=""
                      id="accessKey"
                      placeholder="Enter your access key"
                      type="password"
                      value=""
                    />
                    <span
                      class="ant-input-suffix"
                    >
                      <span
                        aria-label="eye-invisible"
                        class="anticon anticon-eye-invisible ant-input-password-icon"
                        role="img"
                        tabindex="-1"
                      >
                        <svg
                          aria-hidden="true"
                          data-icon="eye-invisible"
                          fill="currentColor"
                          focusable="false"
                          height="1em"
                          viewBox="64 64 896 896"
                          width="1em"
                        >
                          <path
                            d="M942.2 486.2Q889.47 375.11 816.7 305l-50.88 50.88C807.31 395.53 843.45 447.4 874.7 512 791.5 684.2 673.4 766 512 766q-72.67 0-133.87-22.38L323 798.75Q408 838 512 838q288.3 0 430.2-300.3a60.29 60.29 0 000-51.5zm-63.57-320.64L836 122.88a8 8 0 00-11.32 0L715.31 232.2Q624.86 186 512 186q-288.3 0-430.2 300.3a60.3 60.3 0 000 51.5q56.69 119.4 136.5 191.41L112.48 835a8 8 0 000 11.31L155.17 889a8 8 0 0011.31 0l712.15-712.12a8 8 0 000-11.32zM149.3 512C232.6 339.8 350.7 258 512 258c54.54 0 104.13 9.36 149.12 28.39l-70.3 70.3a176 176 0 00-238.13 238.13l-83.42 83.42C223.1 637.49 183.3 582.28 149.3 512zm246.7 0a112.11 112.11 0 01146.2-106.69L401.31 546.2A112 112 0 01396 512z"
                          />
                          <path
                            d="M508 624c-3.46 0-6.87-.16-10.25-.47l-52.82 52.82a176.09 176.09 0 00227.42-227.42l-52.82 52.82c.31 3.38.47 6.79.47 10.25a111.94 111.94 0 01-112 112z"
                          />
                        </svg>
                      </span>
                    </span>
                  </span>
                </div>
              </div>
            </div>
          </div>
        </div>
        <div
          class="ant-form-item css-dev-only-do-not-override-98ntnt"
        >
          <div
            class="ant-row ant-form-item-row css-dev-only-do-not-override-98ntnt"
          >
            <div
              class="ant-col ant-form-item-control css-dev-only-do-not-override-98ntnt"
            >
              <div
                class="ant-form-item-control-input"
              >
                <div
                  class="ant-form-item-control-input-content"
                >
                  <button
                    class="ant-btn css-dev-only-do-not-override-98ntnt ant-btn-primary w-100"
                    type="submit"
                  >
                    <span>
                      Login
                    </span>
                  </button>
                </div>
              </div>
            </div>
          </div>
        </div>
      </form>
    </div>
  </div>
</div>
`;
